# let's create a time machine zfs volume

zfs create data/tm
zfs set compression=gzip data/tm

And as per https://aseith.com/pages/viewpage.action?pageId=17727596 let enable
the right acl settings:

zfs set aclinherit=passthrough data/tm
zfs set aclmode=passthrough data/tm


I was using napp-it so I just installed afp using their scripts:

wget -O - www.napp-it.org/afp | perl

After the install is done you will see the multicast daemon(mDNSResponder) running:

root@zf:~#ps -ef | grep mdns
noaccess 11818     1   0 10:06:45 ?           0:00 /usr/lib/inet/mdnsd

and netatalk running as well:

root@zf:~#ps -ef | grep afp
    root 12394 12392   0 10:17:03 ?           0:00 /usr/local/sbin/i386/cnid_metad -d -F /etc/afp.conf
    root 12393 12392   0 10:17:03 ?           0:01 /usr/local/sbin/i386/afpd -d -F /etc/afp.conf

and in the logs under /var/adm/message you will see the following:

Jun  6 10:17:02 zf netatalk[12392]: [ID 702911 daemon.notice] Netatalk AFP server starting
Jun  6 10:17:02 zf netatalk[12392]: [ID 702911 daemon.notice] Registered with Zeroconf
Jun  6 10:17:02 zf cnid_metad[12394]: [ID 702911 daemon.notice] CNID Server listening on localhost:4700
Jun  6 10:17:03 zf afpd[12393]: [ID 702911 daemon.notice] Netatalk AFP/TCP listening on 192.168.1.103:548

You will also notice mdns added to your /etc/nsswitch.conf file:

root@zf:~#grep mdns /etc/nsswitch.conf
# server lookup.  See resolv.conf(4). For lookup via mdns
# svc:/network/dns/multicast:default must also be enabled. See mdnsd(1M)
hosts:      files dns mdns
ipnodes:   files dns mdns

Here is the information about the netatalk daemon:

root@zf:~#afpd -V
afpd 3.1.7 - Apple Filing Protocol (AFP) daemon of Netatalk

This program is free software; you can redistribute it and/or modify it under
the terms of the GNU General Public License as published by the Free Software
Foundation; either version 2 of the License, or (at your option) any later
version. Please see the file COPYING for further information and details.

afpd has been compiled with support for these features:

          AFP versions: 2.2 3.0 3.1 3.2 3.3 3.4
         CNID backends: dbd last tdb
      Zeroconf support: mDNSResponder
  TCP wrappers support: Yes
         Quota support: Yes
   Admin group support: Yes
    Valid shell checks: Yes
      cracklib support: No
            EA support: ad | sys
           ACL support: Yes
          LDAP support: Yes
         D-Bus support: No
     Spotlight support: No
         DTrace probes: Yes

              afp.conf: /etc/afp.conf
           extmap.conf: /etc/extmap.conf
       state directory: /var/netatalk/
    afp_signature.conf: /var/netatalk/afp_signature.conf
      afp_voluuid.conf: /var/netatalk/afp_voluuid.conf
       UAM search path: /usr/local/lib/netatalk//
  Server messages path: /var/netatalk/msg/

At this point we need to create a config file. I found a couple of site with
examples:

https://wiki.archlinux.org/index.php/Netatalk
http://blog.khubla.com/freebsd/time-machine-backups-using-freebsd-zfs
http://netatalk.sourceforge.net/wiki/index.php/Install_Netatalk_3.1.6_on_OpenIndiana_151a9
https://gist.github.com/oscarcck/3135109

So I created group and added my user to it:

root@zf:~#groupadd tmusers
root@zf:~#useradd -g tmusers elatov
root@zf:~#passwd elatov
New Password:
Re-enter new Password:
passwd: password successfully changed for elatov

Also let's create the directory for this user:

root@zf:~#mkdir /data/tm/elatov
root@zf:~#chown elatov:tmusers /data/tm/elatov
root@zf:~#chmod 700 /data/tm/elatov

And then added a simple config like this:

root@zf:~#cat /etc/afp.conf
;
; Netatalk 3.x configuration file
;

[Global]
 mimic model = TimeCapsule6,106
 log level = default:warn
 log file = /var/adm/afpd.log
 hosts allow = 192.168.1.0/24
 disconnect time = 1
 vol dbpath = /var/netatalk/CNID/$u/$v/

; [Homes]
; basedir regex = /xxxx

[time_mach]
 time machine = yes
 path=/data/tm/$u
 valid users = @tmusers
 #200 GB (units of MB)
 vol size limit = 204800

Most of the settings are covered in the above links, the mimic model can be
grabbed from the following file on a Mac:

/System/Library/CoreServices/CoreTypes.bundle/Contents/Info.plist

And you will see something like this:

<dict>
	<key>com.apple.device-model-code</key>
	<array>
		<string>AirPort6</string>
		<string>AirPort6,106</string>
		<string>TimeCapsule</string>
		<string>TimeCapsule6</string>
		<string>TimeCapsule6,106</string>
		<string>TimeCapsule6,109</string>
		<string>TimeCapsule6,113</string>
		<string>TimeCapsule6,116</string>
	</array>
</dict>

I then restarted both daemons:

svcadm restart netatalk
svcadm restart multicast

If you really want to you can compile afpfs-ng (http://sourceforge.net/projects/afpfs-ng/files/afpfs-ng/0.8.1/) on a linux machine and check
the status of the server:

elatov@gen:~$/usr/local/afpng/bin/afpgetstatus zf:548
Server name: zf
Machine type: Netatalk3.1.7
AFP versions:
     AFP2.2
     AFPX03
     AFP3.1
     AFP3.2
UAMs:
     DHCAST128
     DHX2
Signature: 38ffffff40ff69ff7bffffff21ffffffffff92

I just wanted to query the server to make sure it responds with the right
version. I then went to Finder -> Connect to Server and entered the following
url:

afp://zf

and it prompted me for a password but it failed to mount the drive, checking out the logs I saw
the following:

tail -f /var/adm/afpd.log
Jun 06 11:50:00.418607 cnid_metad[15639] {cnid_metad.c:321} (error:CNID): set_dbdir: mkdir failed for /var/netatalk/CNID/elatov/time_mach/
Jun 06 11:50:01.419231 cnid_metad[15639] {cnid_metad.c:321} (error:CNID): set_dbdir: mkdir failed for /var/netatalk/CNID/elatov/time_mach/
Jun 06 11:50:01.419333 afpd[15765] {cnid_dbd.c:414} (error:CNID): transmit: Request to dbd daemon (volume time_mach) timed out.
Jun 06 11:50:01.419447 afpd[15765] {volume.c:857} (error:AFPDaemon): afp_openvol(/data/tm/elatov): Fatal error: Unable to get stamp value from CNID backend
Jun 06 11:50:05.727993 afpd[15765] {dsi_stream.c:504} (error:DSI): dsi_stream_read: len:0, unexpected EOF

So I went ahead and created the directory:

root@zf:/var/adm#mkdir /var/netatalk/CNID/elatov

After that the share mounted without issues:

elatov@macair:~$mount | grep afp
//elatov@zf/time_mach on /Volumes/time_mach (afpfs, nodev, nosuid, mounted by elatov)


and I saw the client on the omnios machine:

root@zf:~#/usr/local/bin/macusers
PID      UID      Username         Name                 Logintime Mac
15947    978      elatov                                11:54:48

When I started the back up I wanted to see what the BW usage was on the
omnios, so I enabled extented networking monitoring:

root@zf:~#acctadm -e extended -f /var/log/net.log net
root@zf:~#acctadm net
            Net accounting: active
       Net accounting file: /var/log/net.log
     Tracked net resources: extended
   Untracked net resources: none

And then checking out the file, I saw the following:

oot@zf:~#dlstat show-link -h -f /var/log/net.log e1000g0
LINK         START         END           RBYTES   OBYTES   BANDWIDTH
e1000g0      12:38:46      12:39:06      1408650  3190663     57.622 Mbp
e1000g0      12:39:06      12:39:26      1370705  3090352     56.064 Mbp
e1000g0      12:39:26      12:39:46      1653583  3670691     67.611 Mbp
e1000g0      12:39:46      12:40:06      1393440  3153884     56.999 Mbp

I was sitting around  54Mbp, which makes sense cause I was on Wireless on my
Mac. After I was done checking out the Bandwidth I disabled the networking
monitoring:

root@zf:~#acctadm -D net
root@zf:~#acctadm net
            Net accounting: inactive
       Net accounting file: /var/log/net.log
     Tracked net resources: extended
   Untracked net resources: none

And on the omnios machine I did see the sparse bundle get created:

root@zf:~#ls -lh /data/tm/elatov/
total 17
drwx--S---   3 elatov   tmusers        9 Jun  6 12:47 macair.sparsebundle

On Nappit you can enable the bojour services to auto start if you want, it
basically run the following commands (seen here:
https://forums.servethehome.com/index.php?threads/bonjour-mdns-stopped-working-after-updating-omnios.3964/):

oot@zf:~#dns-sd -R "zf" _afpovertcp._tcp local. 548 &
[1] 19946
root@zf:~#Registering Service zf._afpovertcp._tcp.local. port 548
Got a reply for zf._afpovertcp._tcp.local.: Name now registered and active

Now on the mac if you query for afp services you will see that service:

elatov@macair:~$dns-sd -B _afpovertcp._tcp
Browsing for _afpovertcp._tcp
DATE: ---Sat 06 Jun 2015---
13:23:01.290  ...STARTING...
Timestamp     A/R    Flags  if Domain               Service Type         Instance Name
13:23:01.291  Add        2   4 local.               _afpovertcp._tcp.    zf

If you are manually mouting the afp share, it probably won't matter that much.
Also if you need to open up the firewall , the ports are covered here
(https://wiki.archlinux.org/index.php/Netatalk)

After you added the afp share point as the backup destination you can use tmutil to get the information about it:

elatov@macair:~$tmutil destinationinfo
====================================================
Name          : time_mach
Kind          : Network
URL           : afp://elatov@zf/time_mach
Mount Point   : /Volumes/time_mach-1
ID            : C17BD870-304F-4FDB-AF6D-3A78B24729AB
